> Task :app:preBuild UP-TO-DATE
> Task :app:preDebugBuild UP-TO-DATE
> Task :app:mergeDebugNativeDebugMetadata NO-SOURCE
> Task :app:checkKotlinGradlePluginConfigurationErrors
> Task :app:checkDebugAarMetadata UP-TO-DATE
> Task :app:generateDebugResValues UP-TO-DATE
> Task :app:mapDebugSourceSetPaths UP-TO-DATE
> Task :app:generateDebugResources UP-TO-DATE
> Task :app:mergeDebugResources UP-TO-DATE
> Task :app:packageDebugResources UP-TO-DATE
> Task :app:parseDebugLocalResources UP-TO-DATE
> Task :app:createDebugCompatibleScreenManifests UP-TO-DATE
> Task :app:extractDeepLinksDebug UP-TO-DATE
> Task :app:processDebugMainManifest UP-TO-DATE
> Task :app:processDebugManifest UP-TO-DATE
> Task :app:processDebugManifestForPackage UP-TO-DATE
> Task :app:processDebugResources UP-TO-DATE
> Task :app:javaPreCompileDebug UP-TO-DATE
> Task :app:mergeDebugShaders UP-TO-DATE
> Task :app:compileDebugShaders NO-SOURCE
> Task :app:generateDebugAssets UP-TO-DATE
> Task :app:mergeDebugAssets UP-TO-DATE
> Task :app:compressDebugAssets UP-TO-DATE
> Task :app:desugarDebugFileDependencies UP-TO-DATE
> Task :app:checkDebugDuplicateClasses UP-TO-DATE
> Task :app:mergeExtDexDebug UP-TO-DATE
> Task :app:mergeLibDexDebug UP-TO-DATE
> Task :app:mergeDebugJniLibFolders UP-TO-DATE
> Task :app:mergeDebugNativeLibs NO-SOURCE
> Task :app:stripDebugDebugSymbols NO-SOURCE
> Task :app:validateSigningDebug UP-TO-DATE
> Task :app:writeDebugAppMetadata UP-TO-DATE
> Task :app:writeDebugSigningConfigVersions UP-TO-DATE

> Task :app:compileDebugKotlin FAILED
gradle.bat : e: file:///C:/Users/16785/.openclaw/workspace/SimpleDecisionMaker/app/src/main/java/com/simple/decisionmak
er/ui/DecisionApp.kt:155:381 Expecting ')'
所在位置 行:1 字符: 259
+ ... isionMaker; & "$gradleHome\bin\gradle.bat" assembleDebug 2>&1 > compi ...
+                 ~~~~~~~~~~~~~~~~~~~~~~~~~~~~~~~~~~~~~~~~~~~~~~~~~~~~~~~~~
    + CategoryInfo          : NotSpecified: (e: file:///C:/U...1 Expecting ')':String) [], RemoteException
    + FullyQualifiedErrorId : NativeCommandError
 
e: file:///C:/Users/16785/.openclaw/workspace/SimpleDecisionMaker/app/src/main/java/com/simple/decisionmaker/ui/Decisio
nApp.kt:155:383 Expecting a top level declaration
e: file:///C:/Users/16785/.openclaw/workspace/SimpleDecisionMaker/app/src/main/java/com/simple/decisionmaker/ui/Decisio
nApp.kt:155:385 Expecting a top level declaration
e: file:///C:/Users/16785/.openclaw/workspace/SimpleDecisionMaker/app/src/main/java/com/simple/decisionmaker/ui/Decisio
nApp.kt:155:399 Expecting a top level declaration
e: file:///C:/Users/16785/.openclaw/workspace/SimpleDecisionMaker/app/src/main/java/com/simple/decisionmaker/ui/Decisio
nApp.kt:155:401 Expecting a top level declaration
e: file:///C:/Users/16785/.openclaw/workspace/SimpleDecisionMaker/app/src/main/java/com/simple/decisionmaker/ui/Decisio
nApp.kt:155:451 Expecting a top level declaration
e: file:///C:/Users/16785/.openclaw/workspace/SimpleDecisionMaker/app/src/main/java/com/simple/decisionmaker/ui/Decisio
nApp.kt:156:1 Expecting a top level declaration
e: file:///C:/Users/16785/.openclaw/workspace/SimpleDecisionMaker/app/src/main/java/com/simple/decisionmaker/ui/Decisio
nApp.kt:82:91 Unresolved reference: History
e: file:///C:/Users/16785/.openclaw/workspace/SimpleDecisionMaker/app/src/main/java/com/simple/decisionmaker/ui/Decisio
nApp.kt:115:92 Unresolved reference: Tune
e: file:///C:/Users/16785/.openclaw/workspace/SimpleDecisionMaker/app/src/main/java/com/simple/decisionmaker/ui/Decisio
nApp.kt:155:5 This material API is experimental and is likely to change or to be removed in the future.
e: file:///C:/Users/16785/.openclaw/workspace/SimpleDecisionMaker/app/src/main/java/com/simple/decisionmaker/ui/Decisio
nApp.kt:155:47 Cannot find a parameter with this name: title
e: file:///C:/Users/16785/.openclaw/workspace/SimpleDecisionMaker/app/src/main/java/com/simple/decisionmaker/ui/Decisio
nApp.kt:155:57 @Composable invocations can only happen from the context of a @Composable function
e: file:///C:/Users/16785/.openclaw/workspace/SimpleDecisionMaker/app/src/main/java/com/simple/decisionmaker/ui/Decisio
nApp.kt:155:78 Cannot find a parameter with this name: text
e: file:///C:/Users/16785/.openclaw/workspace/SimpleDecisionMaker/app/src/main/java/com/simple/decisionmaker/ui/Decisio
nApp.kt:155:87 @Composable invocations can only happen from the context of a @Composable function
e: file:///C:/Users/16785/.openclaw/workspace/SimpleDecisionMaker/app/src/main/java/com/simple/decisionmaker/ui/Decisio
nApp.kt:155:401 Functions which invoke @Composable functions must be marked with the @Composable annotation
e: file:///C:/Users/16785/.openclaw/workspace/SimpleDecisionMaker/app/src/main/java/com/simple/decisionmaker/ui/Decisio
nApp.kt:155:401 Function declaration must have a name
e: file:///C:/Users/16785/.openclaw/workspace/SimpleDecisionMaker/app/src/main/java/com/simple/decisionmaker/ui/Decisio
nApp.kt:155:403 @Composable invocations can only happen from the context of a @Composable function
e: file:///C:/Users/16785/.openclaw/workspace/SimpleDecisionMaker/app/src/main/java/com/simple/decisionmaker/ui/Decisio
nApp.kt:155:424 Unresolved reference: onDismiss

FAILURE: Build failed with an exception.

* What went wrong:
Execution failed for task ':app:compileDebugKotlin'.
> A failure occurred while executing org.jetbrains.kotlin.compilerRunner.GradleCompilerRunnerWithWorkers$GradleKotlinCo
mpilerWorkAction
   > Compilation error. See log for more details

* Try:
> Run with --stacktrace option to get the stack trace.
> Run with --info or --debug option to get more log output.
> Run with --scan to get full insights.
26 actionable tasks: 2 executed, 24 up-to-date
> Get more help at https://help.gradle.org.

BUILD FAILED in 3s
